Microchip MPLAB XC8 Compiler V2.36

Linker command line:

-W-3 --edf=C:\Program Files\Microchip\xc8\v2.36\pic\dat\en_msgs.txt -cn \
  -h+dist/default/production\LCD_PIC16F1619.X.production.sym \
  --cmf=dist/default/production\LCD_PIC16F1619.X.production.cmf -z \
  -Q16F1619 -oC:\Users\Marci\AppData\Local\Temp\xcAs988.4 \
  --defsym=__MPLAB_BUILD=1 \
  -Mdist/default/production/LCD_PIC16F1619.X.production.map \
  --md=C:\Users\Marci\AppData\Local\Temp\xcAs988.dat -E1 -ver=XC8 Compiler \
  --acfsm=1493 -ACODE=00h-07FFhx4 -ASTRCODE=00h-01FFFh -ASTRING=00h-0FFhx32 \
  -ACONST=00h-0FFhx32 -AENTRY=00h-0FFhx32 -ACOMMON=070h-07Fh \
  -ABANK0=020h-06Fh -ABANK1=0A0h-0EFh -ABANK2=0120h-016Fh \
  -ABANK3=01A0h-01EFh -ABANK4=0220h-026Fh -ABANK5=02A0h-02EFh \
  -ABANK6=0320h-036Fh -ABANK7=03A0h-03EFh -ABANK8=0420h-046Fh \
  -ABANK9=04A0h-04EFh -ABANK10=0520h-056Fh -ABANK11=05A0h-05EFh \
  -ABANK12=0620h-064Fh -ABIGRAM=02000h-023EFh \
  -ARAM=020h-06Fh,0A0h-0EFh,0120h-016Fh,01A0h-01EFh,0220h-026Fh,02A0h-02EFh,0320h-036Fh,03A0h-03EFh,0420h-046Fh,04A0h-04EFh,0520h-056Fh,05A0h-05EFh,0620h-064Fh \
  -AABS1=020h-07Fh,0A0h-0EFh,0120h-016Fh,01A0h-01EFh,0220h-026Fh,02A0h-02EFh,0320h-036Fh,03A0h-03EFh,0420h-046Fh,04A0h-04EFh,0520h-056Fh,05A0h-05EFh,0620h-064Fh \
  -ASFR0=00h-01Fh -ASFR1=080h-09Fh -ASFR2=0100h-011Fh -ASFR3=0180h-019Fh \
  -ASFR4=0200h-021Fh -ASFR5=0280h-029Fh -ASFR6=0300h-031Fh \
  -ASFR7=0380h-039Fh -ASFR8=0400h-041Fh -ASFR9=0480h-049Fh \
  -ASFR10=0500h-051Fh -ASFR11=0580h-059Fh -ASFR12=0600h-061Fh \
  -ASFR13=0680h-06EFh -ASFR14=0700h-076Fh -ASFR15=0780h-07EFh \
  -ASFR16=0800h-086Fh -ASFR17=0880h-08EFh -ASFR18=0900h-096Fh \
  -ASFR19=0980h-09EFh -ASFR20=0A00h-0A6Fh -ASFR21=0A80h-0AEFh \
  -ASFR22=0B00h-0B6Fh -ASFR23=0B80h-0BEFh -ASFR24=0C00h-0C6Fh \
  -ASFR25=0C80h-0CEFh -ASFR26=0D00h-0D6Fh -ASFR27=0D80h-0DEFh \
  -ASFR28=0E00h-0E6Fh -ASFR29=0E80h-0EEFh -ASFR30=0F00h-0F6Fh \
  -ASFR31=0F80h-0FEFh -ACONFIG=08007h-08009h -DCONFIG=2 \
  -AIDLOC=08000h-08003h -DIDLOC=2 -DCODE=2 -DSTRCODE=2 -DSTRING=2 -DCONST=2 \
  -DENTRY=2 -preset_vec=00h,intentry,init,end_init -ppowerup=CODE \
  -pcinit=CODE -pfunctab=ENTRY -k \
  C:\Users\Marci\AppData\Local\Temp\xcAs988.o \
  dist/default/production\LCD_PIC16F1619.X.production.o 

Object code version is 3.11

Machine type is 16F1619



                Name                               Link     Load   Length Selector   Space Scale
C:\Users\Marci\AppData\Local\Temp\xcAs988.o
                end_init                              2        2        2        0       0
                reset_vec                             0        0        2        0       0
                config                             8007     8007        3        0       4
                idloc                              8000     8000        4        0       5
dist/default/production\LCD_PIC16F1619.X.production.o
                cinit                               7F3      7F3        D      FE6       0
                config                             8007     8007        3        0       4
                idloc                              8000     8000        4        0       5
                text9                               670      670        7      CE0       0
                text8                               6CA      6CA       29      D94       0
                text7                               677      677        7      CEE       0
                text6                               740      740       4E      E80       0
                text5                               6F3      6F3       4D      DE6       0
                text4                               67E      67E        B      CFC       0
                text3                               689      689       14      D12       0
                text2                               6B1      6B1       19      D62       0
                text1                               78E      78E       65      F1C       0
                maintext                            69D      69D       14      D3A       0
                cstackCOMMON                         70       70        9       70       1
                bssBANK0                             20       20        4       20       1
                bssCOMMON                            79       79        5       70       1
                stringtext1                         800      800        6     1000       0

TOTAL           Name                               Link     Load   Length     Space
        CLASS   CODE           
                end_init                              2        2        2         0
                cinit                               7F3      7F3        D         0
                reset_vec                             0        0        2         0
                text9                               670      670        7         0
                text8                               6CA      6CA       29         0
                text7                               677      677        7         0
                text6                               740      740       4E         0
                text5                               6F3      6F3       4D         0
                text4                               67E      67E        B         0
                text3                               689      689       14         0
                text2                               6B1      6B1       19         0
                text1                               78E      78E       65         0
                maintext                            69D      69D       14         0

        CLASS   STRCODE        
                stringtext1                         800      800        6         0

        CLASS   STRING         

        CLASS   CONST          

        CLASS   ENTRY          

        CLASS   COMMON         
                cstackCOMMON                         70       70        9         1
                bssCOMMON                            79       79        5         1

        CLASS   BANK0          
                bssBANK0                             20       20        4         1

        CLASS   BANK1          

        CLASS   BANK2          

        CLASS   BANK3          

        CLASS   BANK4          

        CLASS   BANK5          

        CLASS   BANK6          

        CLASS   BANK7          

        CLASS   BANK8          

        CLASS   BANK9          

        CLASS   BANK10         

        CLASS   BANK11         

        CLASS   BANK12         

        CLASS   BIGRAM         

        CLASS   RAM            

        CLASS   ABS1           
                abs_s1                               7E       7E        2         1

        CLASS   SFR0           

        CLASS   SFR1           

        CLASS   SFR2           

        CLASS   SFR3           

        CLASS   SFR4           

        CLASS   SFR5           

        CLASS   SFR6           

        CLASS   SFR7           

        CLASS   SFR8           

        CLASS   SFR9           

        CLASS   SFR10          

        CLASS   SFR11          

        CLASS   SFR12          

        CLASS   SFR13          

        CLASS   SFR14          

        CLASS   SFR15          

        CLASS   SFR16          

        CLASS   SFR17          

        CLASS   SFR18          

        CLASS   SFR19          

        CLASS   SFR20          

        CLASS   SFR21          

        CLASS   SFR22          

        CLASS   SFR23          

        CLASS   SFR24          

        CLASS   SFR25          

        CLASS   SFR26          

        CLASS   SFR27          

        CLASS   SFR28          

        CLASS   SFR29          

        CLASS   SFR30          

        CLASS   SFR31          

        CLASS   CONFIG         
                config                             8007     8007        3         4

        CLASS   IDLOC          
                idloc                              8000     8000        4         5

        CLASS   BANK31         

        CLASS   BANK30         

        CLASS   BANK29         

        CLASS   BANK28         

        CLASS   BANK27         

        CLASS   BANK26         

        CLASS   BANK25         

        CLASS   BANK24         

        CLASS   BANK23         

        CLASS   BANK22         

        CLASS   BANK21         

        CLASS   BANK20         

        CLASS   BANK19         

        CLASS   BANK18         

        CLASS   BANK17         

        CLASS   BANK16         

        CLASS   BANK15         

        CLASS   BANK14         

        CLASS   BANK13         

        CLASS   HEAP           

        CLASS   STACK          

        CLASS   EEDATA         



SEGMENTS        Name                           Load    Length   Top    Selector   Space  Class     Delta

                reset_vec                      000000  000004  000004         0       0  CODE        2
                bssBANK0                       000020  000004  000024        20       1  BANK0       1
                cstackCOMMON                   000070  00000E  00007E        70       1  COMMON      1
                text9                          000670  000007  000677       CE0       0  CODE        2
                text7                          000677  000007  00067E       CEE       0  CODE        2
                text4                          00067E  00000B  000689       CFC       0  CODE        2
                text3                          000689  000014  00069D       D12       0  CODE        2
                maintext                       00069D  000014  0006B1       D3A       0  CODE        2
                text2                          0006B1  000019  0006CA       D62       0  CODE        2
                text8                          0006CA  000029  0006F3       D94       0  CODE        2
                text5                          0006F3  00004D  000740       DE6       0  CODE        2
                text6                          000740  00004E  00078E       E80       0  CODE        2
                text1                          00078E  000065  0007F3       F1C       0  CODE        2
                cinit                          0007F3  00000D  000800       FE6       0  CODE        2
                stringtext1                    000800  000006  000806      1000       0  STRCODE     2


UNUSED ADDRESS RANGES

        Name                Unused          Largest block    Delta
        BANK0            00024-0006F              4C           1
        BANK1            000A0-000EF              50           1
        BANK10           00520-0056F              50           1
        BANK11           005A0-005EF              50           1
        BANK12           00620-0064F              30           1
        BANK2            00120-0016F              50           1
        BANK3            001A0-001EF              50           1
        BANK4            00220-0026F              50           1
        BANK5            002A0-002EF              50           1
        BANK6            00320-0036F              50           1
        BANK7            003A0-003EF              50           1
        BANK8            00420-0046F              50           1
        BANK9            004A0-004EF              50           1
        BIGRAM           02000-023EF             3F0           1
        CODE             00004-0066F             66C           2
                         00806-01FFF             800
        CONST            00004-0066F             100           2
                         00806-01FFF             100
        ENTRY            00004-0066F             100           2
                         00806-01FFF             100
        RAM              00024-0006F              4C           1
                         000A0-000EF              50
                         00120-0016F              50
                         001A0-001EF              50
                         00220-0026F              50
                         002A0-002EF              50
                         00320-0036F              50
                         003A0-003EF              50
                         00420-0046F              50
                         004A0-004EF              50
                         00520-0056F              50
                         005A0-005EF              50
                         00620-0064F              30
        SFR0             00000-0001F              20           1
        SFR1             00080-0009F              20           1
        SFR10            00500-0051F              20           1
        SFR11            00580-0059F              20           1
        SFR12            00600-0061F              20           1
        SFR13            00680-006EF              70           1
        SFR14            00700-0076F              70           1
        SFR15            00780-007EF              70           1
        SFR16            00800-0086F              70           1
        SFR17            00880-008EF              70           1
        SFR18            00900-0096F              70           1
        SFR19            00980-009EF              70           1
        SFR2             00100-0011F              20           1
        SFR20            00A00-00A6F              70           1
        SFR21            00A80-00AEF              70           1
        SFR22            00B00-00B6F              70           1
        SFR23            00B80-00BEF              70           1
        SFR24            00C00-00C6F              70           1
        SFR25            00C80-00CEF              70           1
        SFR26            00D00-00D6F              70           1
        SFR27            00D80-00DEF              70           1
        SFR28            00E00-00E6F              70           1
        SFR29            00E80-00EEF              70           1
        SFR3             00180-0019F              20           1
        SFR30            00F00-00F6F              70           1
        SFR31            00F80-00FEF              70           1
        SFR4             00200-0021F              20           1
        SFR5             00280-0029F              20           1
        SFR6             00300-0031F              20           1
        SFR7             00380-0039F              20           1
        SFR8             00400-0041F              20           1
        SFR9             00480-0049F              20           1
        STRCODE          00004-0066F             66C           2
                         00806-01FFF            17FA
        STRING           00004-0066F             100           2
                         00806-01FFF             100

                                  Symbol Table

_ANSELA                         (abs)        0018C
_ANSELB                         (abs)        0018D
_ANSELC                         (abs)        0018E
_BORCON                         (abs)        00116
_INLVLA                         (abs)        0038C
_INLVLB                         (abs)        0038D
_INLVLC                         (abs)        0038E
_LATA                           (abs)        0010C
_LATB                           (abs)        0010D
_LATBbits                       (abs)        0010D
_LATC                           (abs)        0010E
_LATCbits                       (abs)        0010E
_ODCONA                         (abs)        0028C
_ODCONB                         (abs)        0028D
_ODCONC                         (abs)        0028E
_OPTION_REGbits                 (abs)        00095
_OSCCON                         (abs)        00099
_OSCILLATOR_Initialize          text9        00670
_OSCTUNE                        (abs)        00098
_PIN_MANAGER_Initialize         text8        006CA
_SLRCONA                        (abs)        0030C
_SLRCONB                        (abs)        0030D
_SLRCONC                        (abs)        0030E
_SYSTEM_Initialize              text7        00677
_TRISA                          (abs)        0008C
_TRISB                          (abs)        0008D
_TRISC                          (abs)        0008E
_WPUA                           (abs)        0020C
_WPUB                           (abs)        0020D
_WPUC                           (abs)        0020E
__Habs1                         abs1         00000
__Hbank0                        bank0        00000
__Hbank1                        bank1        00000
__Hbank10                       bank10       00000
__Hbank11                       bank11       00000
__Hbank12                       bank12       00000
__Hbank13                       bank13       00000
__Hbank14                       bank14       00000
__Hbank15                       bank15       00000
__Hbank16                       bank16       00000
__Hbank17                       bank17       00000
__Hbank18                       bank18       00000
__Hbank19                       bank19       00000
__Hbank2                        bank2        00000
__Hbank20                       bank20       00000
__Hbank21                       bank21       00000
__Hbank22                       bank22       00000
__Hbank23                       bank23       00000
__Hbank24                       bank24       00000
__Hbank25                       bank25       00000
__Hbank26                       bank26       00000
__Hbank27                       bank27       00000
__Hbank28                       bank28       00000
__Hbank29                       bank29       00000
__Hbank3                        bank3        00000
__Hbank30                       bank30       00000
__Hbank31                       bank31       00000
__Hbank4                        bank4        00000
__Hbank5                        bank5        00000
__Hbank6                        bank6        00000
__Hbank7                        bank7        00000
__Hbank8                        bank8        00000
__Hbank9                        bank9        00000
__Hbigram                       bigram       00000
__HbssBANK0                     bssBANK0     00000
__HbssCOMMON                    bssCOMMON    00000
__Hcinit                        cinit        00800
__Hclrtext                      clrtext      00000
__Hcode                         code         00000
__Hcommon                       common       00000
__Hconfig                       config       0800A
__HcstackCOMMON                 cstackCOMMON 00000
__Heeprom_data                  eeprom_data  00000
__Hend_init                     end_init     00004
__Hfunctab                      functab      00000
__Hheap                         heap         00000
__Hidloc                        idloc        08004
__Hinit                         init         00002
__Hintentry                     intentry     00002
__Hmaintext                     maintext     00000
__Hpowerup                      powerup      00000
__Hram                          ram          00000
__Hreset_vec                    reset_vec    00002
__Hsfr0                         sfr0         00000
__Hsfr1                         sfr1         00000
__Hsfr10                        sfr10        00000
__Hsfr11                        sfr11        00000
__Hsfr12                        sfr12        00000
__Hsfr13                        sfr13        00000
__Hsfr14                        sfr14        00000
__Hsfr15                        sfr15        00000
__Hsfr16                        sfr16        00000
__Hsfr17                        sfr17        00000
__Hsfr18                        sfr18        00000
__Hsfr19                        sfr19        00000
__Hsfr2                         sfr2         00000
__Hsfr20                        sfr20        00000
__Hsfr21                        sfr21        00000
__Hsfr22                        sfr22        00000
__Hsfr23                        sfr23        00000
__Hsfr24                        sfr24        00000
__Hsfr25                        sfr25        00000
__Hsfr26                        sfr26        00000
__Hsfr27                        sfr27        00000
__Hsfr28                        sfr28        00000
__Hsfr29                        sfr29        00000
__Hsfr3                         sfr3         00000
__Hsfr30                        sfr30        00000
__Hsfr31                        sfr31        00000
__Hsfr4                         sfr4         00000
__Hsfr5                         sfr5         00000
__Hsfr6                         sfr6         00000
__Hsfr7                         sfr7         00000
__Hsfr8                         sfr8         00000
__Hsfr9                         sfr9         00000
__Hspace_0                      (abs)        00806
__Hspace_1                      (abs)        0007E
__Hspace_2                      (abs)        00000
__Hspace_3                      (abs)        00000
__Hspace_4                      (abs)        10011
__Hstack                        stack        00000
__Hstrings                      strings      00000
__Hstringtext1                  stringtext1  00000
__Hstringtext2                  stringtext2  00000
__Htext                         text         00000
__Labs1                         abs1         00000
__Lbank0                        bank0        00000
__Lbank1                        bank1        00000
__Lbank10                       bank10       00000
__Lbank11                       bank11       00000
__Lbank12                       bank12       00000
__Lbank13                       bank13       00000
__Lbank14                       bank14       00000
__Lbank15                       bank15       00000
__Lbank16                       bank16       00000
__Lbank17                       bank17       00000
__Lbank18                       bank18       00000
__Lbank19                       bank19       00000
__Lbank2                        bank2        00000
__Lbank20                       bank20       00000
__Lbank21                       bank21       00000
__Lbank22                       bank22       00000
__Lbank23                       bank23       00000
__Lbank24                       bank24       00000
__Lbank25                       bank25       00000
__Lbank26                       bank26       00000
__Lbank27                       bank27       00000
__Lbank28                       bank28       00000
__Lbank29                       bank29       00000
__Lbank3                        bank3        00000
__Lbank30                       bank30       00000
__Lbank31                       bank31       00000
__Lbank4                        bank4        00000
__Lbank5                        bank5        00000
__Lbank6                        bank6        00000
__Lbank7                        bank7        00000
__Lbank8                        bank8        00000
__Lbank9                        bank9        00000
__Lbigram                       bigram       00000
__LbssBANK0                     bssBANK0     00000
__LbssCOMMON                    bssCOMMON    00000
__Lcinit                        cinit        007F3
__Lclrtext                      clrtext      00000
__Lcode                         code         00000
__Lcommon                       common       00000
__Lconfig                       config       00000
__LcstackCOMMON                 cstackCOMMON 00000
__Leeprom_data                  eeprom_data  00000
__Lend_init                     end_init     00002
__Lfunctab                      functab      00000
__Lheap                         heap         00000
__Lidloc                        idloc        00000
__Linit                         init         00002
__Lintentry                     intentry     00002
__Lmaintext                     maintext     00000
__Lpowerup                      powerup      00000
__Lram                          ram          00000
__Lreset_vec                    reset_vec    00000
__Lsfr0                         sfr0         00000
__Lsfr1                         sfr1         00000
__Lsfr10                        sfr10        00000
__Lsfr11                        sfr11        00000
__Lsfr12                        sfr12        00000
__Lsfr13                        sfr13        00000
__Lsfr14                        sfr14        00000
__Lsfr15                        sfr15        00000
__Lsfr16                        sfr16        00000
__Lsfr17                        sfr17        00000
__Lsfr18                        sfr18        00000
__Lsfr19                        sfr19        00000
__Lsfr2                         sfr2         00000
__Lsfr20                        sfr20        00000
__Lsfr21                        sfr21        00000
__Lsfr22                        sfr22        00000
__Lsfr23                        sfr23        00000
__Lsfr24                        sfr24        00000
__Lsfr25                        sfr25        00000
__Lsfr26                        sfr26        00000
__Lsfr27                        sfr27        00000
__Lsfr28                        sfr28        00000
__Lsfr29                        sfr29        00000
__Lsfr3                         sfr3         00000
__Lsfr30                        sfr30        00000
__Lsfr31                        sfr31        00000
__Lsfr4                         sfr4         00000
__Lsfr5                         sfr5         00000
__Lsfr6                         sfr6         00000
__Lsfr7                         sfr7         00000
__Lsfr8                         sfr8         00000
__Lsfr9                         sfr9         00000
__Lspace_0                      (abs)        00000
__Lspace_1                      (abs)        00000
__Lspace_2                      (abs)        00000
__Lspace_3                      (abs)        00000
__Lspace_4                      (abs)        00000
__Lstack                        stack        00000
__Lstrings                      strings      00000
__Lstringtext1                  stringtext1  00000
__Lstringtext2                  stringtext2  00000
__Ltext                         text         00000
__S0                            (abs)        00806
__S1                            (abs)        0007E
___heap_hi                      (abs)        00000
___heap_lo                      (abs)        00000
___int_sp                       stack        00000
___latbits                      (abs)        00002
___sp                           stack        00000
___stackhi                      (abs)        00000
___stacklo                      (abs)        00000
__end_of_OSCILLATOR_Initialize  text9        00677
__end_of_PIN_MANAGER_Initialize text8        006F3
__end_of_SYSTEM_Initialize      text7        0067E
__end_of__initialization        cinit        007FD
__end_of_lcd_clear              text4        00689
__end_of_lcd_goto               text3        0069D
__end_of_lcd_init               text5        00740
__end_of_lcd_puts               text2        006CA
__end_of_lcd_write              text6        0078E
__end_of_main                   maintext     006B1
__end_of_odavissza              text1        007F3
__initialization                cinit        007F3
__pbssBANK0                     bssBANK0     00020
__pbssCOMMON                    bssCOMMON    00079
__pcstackCOMMON                 cstackCOMMON 00070
__pmaintext                     maintext     0069D
__pstringtext1                  stringtext1  00800
__pstringtext2                  stringtext2  00000
__ptext1                        text1        0078E
__ptext2                        text2        006B1
__ptext3                        text3        00689
__ptext4                        text4        0067E
__ptext5                        text5        006F3
__ptext6                        text6        00740
__ptext7                        text7        00677
__ptext8                        text8        006CA
__ptext9                        text9        00670
_i                              bssCOMMON    00079
_lcd_clear                      text4        0067E
_lcd_goto                       text3        00689
_lcd_init                       text5        006F3
_lcd_puts                       text2        006B1
_lcd_write                      text6        00740
_main                           maintext     0069D
_odavissza                      text1        0078E
btemp                           (abs)        0007E
end_of_initialization           cinit        007FD
intlevel0                       functab      00000
intlevel1                       functab      00000
intlevel2                       functab      00000
intlevel3                       functab      00000
intlevel4                       functab      00000
intlevel5                       functab      00000
lcd_goto@line                   cstackCOMMON 00071
lcd_goto@pos                    cstackCOMMON 00072
lcd_puts@s                      cstackCOMMON 00071
lcd_write@c                     cstackCOMMON 00070
odavissza@lepes                 cstackCOMMON 00078
odavissza@szoveg                cstackCOMMON 00074
reset_vec                       reset_vec    00000
start                           init         00002
start_initialization            cinit        007F3
wtemp0                          (abs)        0007E


MODULE INFORMATION

Module		Function		Class		Link	Load	Size
HD44780.c
		_lcd_puts      		CODE           	06B1	0000	25
		_lcd_clear     		CODE           	067E	0000	11
		_lcd_goto      		CODE           	0689	0000	20
		_lcd_write     		CODE           	0740	0000	78
		_lcd_init      		CODE           	06F3	0000	77

HD44780.c estimated size: 211

mcc_generated_files/pin_manager.c
		_PIN_MANAGER_Initialize		CODE           	06CA	0000	41

mcc_generated_files/pin_manager.c estimated size: 41

shared
		__initialization		CODE           	07F3	0000	10

shared estimated size: 10

mcc_generated_files/mcc.c
		_OSCILLATOR_Initialize		CODE           	0670	0000	7
		_SYSTEM_Initialize		CODE           	0677	0000	7

mcc_generated_files/mcc.c estimated size: 14

main.c
		_main          		CODE           	069D	0000	20
		_odavissza     		CODE           	078E	0000	101

main.c estimated size: 121

